<html>
<body>
<pre>
<h1>µVision Build Log</h1>
<h2>Tool Versions:</h2>
IDE-Version: µVision V5.20.0.0
Copyright (C) 2016 ARM Ltd and ARM Germany GmbH. All rights reserved.
License Information: jorge jorge, jorge, LIC=----
 
Tool Versions:
Toolchain:       MDK-Lite  Version: 5.20
Toolchain Path:  C:\Keil_v5\ARM\ARMCC\Bin
C Compiler:      Armcc.exe V5.06 update 2 (build 183)
Assembler:       Armasm.exe V5.06 update 2 (build 183)
Linker/Locator:  ArmLink.exe V5.06 update 2 (build 183)
Library Manager: ArmAr.exe V5.06 update 2 (build 183)
Hex Converter:   FromElf.exe V5.06 update 2 (build 183)
CPU DLL:         SARMCM3.DLL V5.20
Dialog DLL:      DCM.DLL V1.13.7.0
Target DLL:      STLink\ST-LINKIII-KEIL_SWO.dll V2.0.18.0
Dialog DLL:      TCM.DLL V1.14.9.0
 
<h2>Project:</h2>
C:\Users\jrosmirez\Desktop\PortableGit\home\jrosmirez94\Pedal-Multiefecto\Pedal para guitarra - Jorge Rosmirez _v00\MDK-ARM\Pedal para guitarra - Jorge Rosmirez _v00.uvprojx
Project File Date:  08/30/2020

<h2>Output:</h2>
*** Using Compiler 'V5.06 update 2 (build 183)', folder: 'C:\Keil_v5\ARM\ARMCC\Bin'
Build target 'Pedal para guitarra - Jorge Rosmirez _v00'
compiling wahwah.c...
..\Src\wahwah.c(176): warning:  #9-D: nested comment is not allowed
      F2Q14(1);										  /* section  2  B0 
..\Src\wahwah.c(178): warning:  #9-D: nested comment is not allowed
  		F2Q14(-1.9989013671875 ); 		/* section  2  B1 
..\Src\wahwah.c(179): warning:  #9-D: nested comment is not allowed
  		F2Q14(1); 										/* section  2  B2 
..\Src\wahwah.c(180): warning:  #9-D: nested comment is not allowed
  		F2Q14(0.78826904296875  ); 		/* section  2 -A1 
..\Src\wahwah.c(181): warning:  #9-D: nested comment is not allowed
  		F2Q14(- 0.4776611328125  );   /* section  2 -A2 
..\Src\wahwah.c: 5 warnings, 0 errors
linking...
Program Size: Code=17668 RO-data=764 RW-data=156 ZI-data=125172  
FromELF: creating hex file...
"Pedal para guitarra - Jorge Rosmirez _v00\Pedal para guitarra - Jorge Rosmirez _v00.axf" - 0 Error(s), 5 Warning(s).

<h2>Software Packages used:</h2>

Package Vendor: ARM
                http://www.keil.com/pack/ARM.CMSIS.5.4.0.pack
                ARM::CMSIS:CORE:5.1.2
                CMSIS (Cortex Microcontroller Software Interface Standard)
   * Component: CORE Version: 5.1.2

<h2>Collection of Component include folders:</h2>
  C:\Users\jrosmirez\Desktop\PortableGit\home\jrosmirez94\Pedal-Multiefecto\Pedal para guitarra - Jorge Rosmirez _v00\MDK-ARM\RTE
  C:\Keil_v5\ARM\PACK\ARM\CMSIS\5.4.0\CMSIS\Core\Include
  C:\Keil_v5\ARM\PACK\Keil\STM32F4xx_DFP\2.13.0\Drivers\CMSIS\Device\ST\STM32F4xx\Include

<h2>Collection of Component Files used:</h2>

   * Component: ARM::CMSIS:CORE:5.1.2
Build Time Elapsed:  00:00:12
</pre>
</body>
</html>
