<html>
<body>
<pre>
<h1>µVision Build Log</h1>
<h2>Tool Versions:</h2>
IDE-Version: µVision V5.20.0.0
Copyright (C) 2016 ARM Ltd and ARM Germany GmbH. All rights reserved.
License Information: jorge jorge, jorge, LIC=----
 
Tool Versions:
Toolchain:       MDK-Lite  Version: 5.20
Toolchain Path:  C:\Keil_v5\ARM\ARMCC\Bin
C Compiler:      Armcc.exe V5.06 update 2 (build 183)
Assembler:       Armasm.exe V5.06 update 2 (build 183)
Linker/Locator:  ArmLink.exe V5.06 update 2 (build 183)
Library Manager: ArmAr.exe V5.06 update 2 (build 183)
Hex Converter:   FromElf.exe V5.06 update 2 (build 183)
CPU DLL:         SARMCM3.DLL V5.20
Dialog DLL:      DCM.DLL V1.13.7.0
Target DLL:      STLink\ST-LINKIII-KEIL_SWO.dll V2.0.18.0
Dialog DLL:      TCM.DLL V1.14.9.0
 
<h2>Project:</h2>
C:\Users\jrosmirez\Desktop\PortableGit\home\jrosmirez94\Pedal-Multiefecto\Pedal para guitarra - Jorge Rosmirez _v00\MDK-ARM\Pedal para guitarra - Jorge Rosmirez _v00.uvprojx
Project File Date:  07/05/2020

<h2>Output:</h2>
*** Using Compiler 'V5.06 update 2 (build 183)', folder: 'C:\Keil_v5\ARM\ARMCC\Bin'
Build target 'Pedal para guitarra - Jorge Rosmirez _v00'
compiling audio.c...
..\Src\audio.c(123): warning:  #1035-D: single-precision operand implicitly converted to double-precision
  		_dma_float[i]=(arm_sin_f32(2*3.14159*i*20/2048))*0.00001;//(440*2*3.14159f*i*(1/32000.0f))*0.00001);
..\Src\audio.c(155): warning:  #1035-D: single-precision operand implicitly converted to double-precision
  		_dma_float[i]=(arm_sin_f32(2*3.14159*i*20/2048))*0.00001;//(440*2*3.14159f*i*(1/32000.0f))*0.00001);
..\Src\audio.c: 2 warnings, 0 errors
linking...
Program Size: Code=14424 RO-data=2524 RW-data=24 ZI-data=83496  
FromELF: creating hex file...
"Pedal para guitarra - Jorge Rosmirez _v00\Pedal para guitarra - Jorge Rosmirez _v00.axf" - 0 Error(s), 2 Warning(s).

<h2>Software Packages used:</h2>

Package Vendor: ARM
                http://www.keil.com/pack/ARM.CMSIS.5.4.0.pack
                ARM::CMSIS:CORE:5.1.2
                CMSIS (Cortex Microcontroller Software Interface Standard)
   * Component: CORE Version: 5.1.2

<h2>Collection of Component include folders:</h2>
  C:\Users\jrosmirez\Desktop\PortableGit\home\jrosmirez94\Pedal-Multiefecto\Pedal para guitarra - Jorge Rosmirez _v00\MDK-ARM\RTE
  C:\Keil_v5\ARM\PACK\ARM\CMSIS\5.4.0\CMSIS\Core\Include
  C:\Keil_v5\ARM\PACK\Keil\STM32F4xx_DFP\2.13.0\Drivers\CMSIS\Device\ST\STM32F4xx\Include

<h2>Collection of Component Files used:</h2>

   * Component: ARM::CMSIS:CORE:5.1.2
Build Time Elapsed:  00:00:09
</pre>
</body>
</html>
